******************************************************************************
                  TI ARM Linker Unix v18.12.2                  
******************************************************************************
>> Linked Mon May 25 19:22:09 2020

OUTPUT FILE NAME:   <Self_Balancing_Robot.out>
ENTRY POINT SYMBOL: "_c_int00_noargs"  address: 00001489


MEMORY CONFIGURATION

         name            origin    length      used     unused   attr    fill
----------------------  --------  ---------  --------  --------  ----  --------
  FLASH                 00000000   00040000  0000153e  0003eac2  R  X
  SRAM                  20000000   00008000  00000254  00007dac  RW X


SEGMENT ALLOCATION MAP

run origin  load origin   length   init length attrs members
----------  ----------- ---------- ----------- ----- -------
00000000    00000000    00001540   00001540    r-x
  00000000    00000000    0000026c   0000026c    r-- .intvecs
  0000026c    0000026c    00001272   00001272    r-x .text
  000014e0    000014e0    00000060   00000060    r-- .cinit
20000000    20000000    00000254   00000000    rw-
  20000000    20000000    00000200   00000000    rw- .stack
  20000200    20000200    00000054   00000000    rw- .data


SECTION ALLOCATION MAP

 output                                  attributes/
section   page    origin      length       input sections
--------  ----  ----------  ----------   ----------------
.intvecs   0    00000000    0000026c     
                  00000000    0000026c     tm4c1233h6pm_startup_ccs.obj (.intvecs)

.text      0    0000026c    00001272     
                  0000026c    00000494     motor.obj (.text)
                  00000700    00000370     uart.obj (.text)
                  00000a70    000002cc     i2c.obj (.text)
                  00000d3c    000001e8     gpio.obj (.text)
                  00000f24    000000f8     encoder.obj (.text)
                  0000101c    000000e0     time.obj (.text)
                  000010fc    000000d6     mpu6050.obj (.text)
                  000011d2    000000be     pid.obj (.text)
                  00001290    000000b0     main.obj (.text)
                  00001340    0000009c     rtsv7M4_T_le_v4SPD16_eabi.lib : memcpy_t2.asm.obj (.text)
                  000013dc    00000068                                   : copy_decompress_lzss.c.obj (.text:decompress:lzss:__TI_decompress_lzss)
                  00001444    00000044                                   : autoinit.c.obj (.text:__TI_auto_init_nobinit_nopinit:__TI_auto_init_nobinit_nopinit)
                  00001488    00000034                                   : boot_cortex_m.c.obj (.text:_c_int00_noargs:_c_int00_noargs)
                  000014bc    0000000e                                   : copy_decompress_none.c.obj (.text:decompress:none:__TI_decompress_none)
                  000014ca    0000000c     tm4c1233h6pm_startup_ccs.obj (.text)
                  000014d6    00000004     rtsv7M4_T_le_v4SPD16_eabi.lib : pre_init.c.obj (.text:_system_pre_init)
                  000014da    00000004                                   : exit.c.obj (.text:abort:abort)

.cinit     0    000014e0    00000060     
                  000014e0    00000050     (.cinit..data.load) [load image, compression = lzss]
                  00001530    00000008     (__TI_handler_table)
                  00001538    00000008     (__TI_cinit_table)

.init_array 
*          0    00000000    00000000     UNINITIALIZED

.data      0    20000200    00000054     UNINITIALIZED
                  20000200    0000002c     gpio.obj (.data)
                  2000022c    0000001c     main.obj (.data:PID)
                  20000248    0000000c     motor.obj (.data)

.stack     0    20000000    00000200     UNINITIALIZED
                  20000000    00000004     rtsv7M4_T_le_v4SPD16_eabi.lib : boot_cortex_m.c.obj (.stack)
                  20000004    000001fc     --HOLE--

MODULE SUMMARY

       Module                         code   ro data   rw data
       ------                         ----   -------   -------
    ./
       motor.obj                      1172   0         12     
       uart.obj                       880    0         0      
       i2c.obj                        716    0         0      
       tm4c1233h6pm_startup_ccs.obj   12     620       0      
       gpio.obj                       488    0         44     
       encoder.obj                    248    0         0      
       time.obj                       224    0         0      
       mpu6050.obj                    214    0         0      
       main.obj                       176    0         28     
       pid.obj                        190    0         0      
    +--+------------------------------+------+---------+---------+
       Total:                         4320   620       84     
                                                              
    /opt/ti/ccs910/ccs/tools/compiler/ti-cgt-arm_18.12.2.LTS/lib/rtsv7M4_T_le_v4SPD16_eabi.lib
       memcpy_t2.asm.obj              156    0         0      
       copy_decompress_lzss.c.obj     104    0         0      
       autoinit.c.obj                 68     0         0      
       boot_cortex_m.c.obj            52     0         0      
       copy_decompress_none.c.obj     14     0         0      
       exit.c.obj                     4      0         0      
       pre_init.c.obj                 4      0         0      
    +--+------------------------------+------+---------+---------+
       Total:                         402    0         0      
                                                              
       Stack:                         0      0         512    
       Linker Generated:              0      96        0      
    +--+------------------------------+------+---------+---------+
       Grand Total:                   4722   716       596    


LINKER GENERATED COPY TABLES

__TI_cinit_table @ 00001538 records: 1, size/record: 8, table size: 8
	.data: load addr=000014e0, load size=00000050 bytes, run addr=20000200, run size=00000054 bytes, compression=lzss


LINKER GENERATED HANDLER TABLE

__TI_handler_table @ 00001530 records: 2, size/record: 4, table size: 8
	index: 0, handler: __TI_decompress_lzss
	index: 1, handler: __TI_decompress_none


GLOBAL SYMBOLS: SORTED ALPHABETICALLY BY Name 

address   name                          
-------   ----                          
000014db  C$$EXIT                       
20000208  CLK_MOSC                      
20000209  CLK_PIOSC                     
2000020b  CLK_PLL_OFF                   
2000020a  CLK_PLL_ON                    
20000204  CORE_P                        
2000020c  GPIO_A                        
20000210  GPIO_B                        
20000214  GPIO_C                        
20000218  GPIO_D                        
2000022a  GPIO_DEN                      
2000021c  GPIO_E                        
20000220  GPIO_F                        
20000225  GPIO_IN                       
2000022b  GPIO_NONE                     
20000229  GPIO_ODR                      
20000224  GPIO_OUT                      
20000228  GPIO_PDR                      
20000227  GPIO_PUR                      
20000226  GPIO_TRI                      
2000022c  PID                           
2000024c  PWM0                          
20000250  PWM1                          
20000248  PWM_BASE                      
000014cb  ResetISR                      
20000200  SYS_CTL                       
000011d3  UpdatePID                     
20000200  __STACK_END                   
00000200  __STACK_SIZE                  
20000200  __STACK_TOP                   
00001538  __TI_CINIT_Base               
00001540  __TI_CINIT_Limit              
00001530  __TI_Handler_Table_Base       
00001538  __TI_Handler_Table_Limit      
00001445  __TI_auto_init_nobinit_nopinit
000013dd  __TI_decompress_lzss          
000014bd  __TI_decompress_none          
ffffffff  __TI_pprof_out_hndl           
ffffffff  __TI_prof_data_size           
ffffffff  __TI_prof_data_start          
00000000  __TI_static_base__            
00001341  __aeabi_memcpy                
00001341  __aeabi_memcpy4               
00001341  __aeabi_memcpy8               
ffffffff  __binit__                     
ffffffff  __c_args__                    
UNDEFED   __mpu_init                    
20000000  __stack                       
00001489  _c_int00_noargs               
UNDEFED   _system_post_cinit            
000014d7  _system_pre_init              
000014db  abort                         
ffffffff  binit                         
000010b1  delay_ms                      
00000000  g_pfnVectors                  
00001179  get_accel_x                   
00001197  get_accel_y                   
000011b5  get_accel_z                   
0000111f  get_gyro_x                    
0000113d  get_gyro_y                    
0000115b  get_gyro_z                    
00000d3d  gpio_clock                    
00000e97  gpio_den                      
00000e17  gpio_enable_afsel             
00000dc3  gpio_init                     
00000e79  gpio_pdr                      
00000e5b  gpio_pur                      
00000ee5  gpio_read                     
00000e35  gpio_unlock                   
00000eb5  gpio_write                    
00000a71  i2c_init                      
00000af7  i2c_is_busbusy                
00000aed  i2c_is_busy                   
00000b01  i2c_is_write_error            
00000b5b  i2c_read_burst                
00000b0b  i2c_read_single               
00000cdd  i2c_write_2                   
00000c25  i2c_write_burst               
00000b19  i2c_write_single              
00001291  main                          
00001341  memcpy                        
00000407  motor_freq                    
0000026d  motor_init                    
000002bf  motor_speed                   
000003d3  motor_stop                    
000010fd  mpu_init                      
000005a5  msleep                        
0000101d  pll_init                      
0000041f  pwm_init                      
00000539  pwm_set_duty                  
000004d7  pwm_set_freq                  
00000fc1  qei_get_pos                   
00000f25  qei_init                      
00001099  systick_init                  
000005d9  test_motors                   
000008dd  test_uart                     
00000701  uart_init                     
0000099b  uart_readln_str               
000008a5  uart_receive                  
00000849  uart_send                     
0000091b  uart_send_itoa                
00000881  uart_send_string              


GLOBAL SYMBOLS: SORTED BY Symbol Address 

address   name                          
-------   ----                          
00000000  __TI_static_base__            
00000000  g_pfnVectors                  
00000200  __STACK_SIZE                  
0000026d  motor_init                    
000002bf  motor_speed                   
000003d3  motor_stop                    
00000407  motor_freq                    
0000041f  pwm_init                      
000004d7  pwm_set_freq                  
00000539  pwm_set_duty                  
000005a5  msleep                        
000005d9  test_motors                   
00000701  uart_init                     
00000849  uart_send                     
00000881  uart_send_string              
000008a5  uart_receive                  
000008dd  test_uart                     
0000091b  uart_send_itoa                
0000099b  uart_readln_str               
00000a71  i2c_init                      
00000aed  i2c_is_busy                   
00000af7  i2c_is_busbusy                
00000b01  i2c_is_write_error            
00000b0b  i2c_read_single               
00000b19  i2c_write_single              
00000b5b  i2c_read_burst                
00000c25  i2c_write_burst               
00000cdd  i2c_write_2                   
00000d3d  gpio_clock                    
00000dc3  gpio_init                     
00000e17  gpio_enable_afsel             
00000e35  gpio_unlock                   
00000e5b  gpio_pur                      
00000e79  gpio_pdr                      
00000e97  gpio_den                      
00000eb5  gpio_write                    
00000ee5  gpio_read                     
00000f25  qei_init                      
00000fc1  qei_get_pos                   
0000101d  pll_init                      
00001099  systick_init                  
000010b1  delay_ms                      
000010fd  mpu_init                      
0000111f  get_gyro_x                    
0000113d  get_gyro_y                    
0000115b  get_gyro_z                    
00001179  get_accel_x                   
00001197  get_accel_y                   
000011b5  get_accel_z                   
000011d3  UpdatePID                     
00001291  main                          
00001341  __aeabi_memcpy                
00001341  __aeabi_memcpy4               
00001341  __aeabi_memcpy8               
00001341  memcpy                        
000013dd  __TI_decompress_lzss          
00001445  __TI_auto_init_nobinit_nopinit
00001489  _c_int00_noargs               
000014bd  __TI_decompress_none          
000014cb  ResetISR                      
000014d7  _system_pre_init              
000014db  C$$EXIT                       
000014db  abort                         
00001530  __TI_Handler_Table_Base       
00001538  __TI_CINIT_Base               
00001538  __TI_Handler_Table_Limit      
00001540  __TI_CINIT_Limit              
20000000  __stack                       
20000200  SYS_CTL                       
20000200  __STACK_END                   
20000200  __STACK_TOP                   
20000204  CORE_P                        
20000208  CLK_MOSC                      
20000209  CLK_PIOSC                     
2000020a  CLK_PLL_ON                    
2000020b  CLK_PLL_OFF                   
2000020c  GPIO_A                        
20000210  GPIO_B                        
20000214  GPIO_C                        
20000218  GPIO_D                        
2000021c  GPIO_E                        
20000220  GPIO_F                        
20000224  GPIO_OUT                      
20000225  GPIO_IN                       
20000226  GPIO_TRI                      
20000227  GPIO_PUR                      
20000228  GPIO_PDR                      
20000229  GPIO_ODR                      
2000022a  GPIO_DEN                      
2000022b  GPIO_NONE                     
2000022c  PID                           
20000248  PWM_BASE                      
2000024c  PWM0                          
20000250  PWM1                          
ffffffff  __TI_pprof_out_hndl           
ffffffff  __TI_prof_data_size           
ffffffff  __TI_prof_data_start          
ffffffff  __binit__                     
ffffffff  __c_args__                    
ffffffff  binit                         
UNDEFED   __mpu_init                    
UNDEFED   _system_post_cinit            

[102 symbols]
